{
  "version": "1.5.0",
  "plugins_used": [
    {
      "name": "ArtifactoryDetector"
    },
    {
      "name": "AWSKeyDetector"
    },
    {
      "name": "AzureStorageKeyDetector"
    },
    {
      "name": "Base64HighEntropyString",
      "limit": 4.5
    },
    {
      "name": "BasicAuthDetector"
    },
    {
      "name": "CloudantDetector"
    },
    {
      "name": "DiscordBotTokenDetector"
    },
    {
      "name": "GitHubTokenDetector"
    },
    {
      "name": "GitLabTokenDetector"
    },
    {
      "name": "HexHighEntropyString",
      "limit": 3.0
    },
    {
      "name": "IbmCloudIamDetector"
    },
    {
      "name": "IbmCosHmacDetector"
    },
    {
      "name": "IPPublicDetector"
    },
    {
      "name": "JwtTokenDetector"
    },
    {
      "name": "KeywordDetector",
      "keyword_exclude": ""
    },
    {
      "name": "MailchimpDetector"
    },
    {
      "name": "NpmDetector"
    },
    {
      "name": "OpenAIDetector"
    },
    {
      "name": "PrivateKeyDetector"
    },
    {
      "name": "PypiTokenDetector"
    },
    {
      "name": "SendGridDetector"
    },
    {
      "name": "SlackDetector"
    },
    {
      "name": "SoftlayerDetector"
    },
    {
      "name": "SquareOAuthDetector"
    },
    {
      "name": "StripeDetector"
    },
    {
      "name": "TelegramBotTokenDetector"
    },
    {
      "name": "TwilioKeyDetector"
    }
  ],
  "filters_used": [
    {
      "path": "detect_secrets.filters.allowlist.is_line_allowlisted"
    },
    {
      "path": "detect_secrets.filters.common.is_baseline_file",
      "filename": ".secrets.baseline"
    },
    {
      "path": "detect_secrets.filters.common.is_ignored_due_to_verification_policies",
      "min_level": 2
    },
    {
      "path": "detect_secrets.filters.heuristic.is_indirect_reference"
    },
    {
      "path": "detect_secrets.filters.heuristic.is_likely_id_string"
    },
    {
      "path": "detect_secrets.filters.heuristic.is_lock_file"
    },
    {
      "path": "detect_secrets.filters.heuristic.is_not_alphanumeric_string"
    },
    {
      "path": "detect_secrets.filters.heuristic.is_potential_uuid"
    },
    {
      "path": "detect_secrets.filters.heuristic.is_prefixed_with_dollar_sign"
    },
    {
      "path": "detect_secrets.filters.heuristic.is_sequential_string"
    },
    {
      "path": "detect_secrets.filters.heuristic.is_swagger_file"
    },
    {
      "path": "detect_secrets.filters.heuristic.is_templated_secret"
    },
    {
      "path": "detect_secrets.filters.regex.should_exclude_secret",
      "pattern": [
        "src/content/docs/oss/index.md"
      ]
    }
  ],
  "results": {
    "src/content/docs/hub/sdk/quickstart.md": [
      {
        "type": "Secret Keyword",
        "filename": "src/content/docs/hub/sdk/quickstart.md",
        "hashed_secret": "709cb3397618155abdb90666b163355546be6a47",
        "is_verified": false,
        "line_number": 56
      }
    ],
    "src/content/docs/hub/sdk/reference.mdx": [
      {
        "type": "Secret Keyword",
        "filename": "src/content/docs/hub/sdk/reference.mdx",
        "hashed_secret": "709cb3397618155abdb90666b163355546be6a47",
        "is_verified": false,
        "line_number": 95
      }
    ],
    "src/content/docs/oss/checks/installation.md": [
      {
        "type": "Secret Keyword",
        "filename": "src/content/docs/oss/checks/installation.md",
        "hashed_secret": "11fa7c37d697f30e6aee828b4426a10f83ab2380",
        "is_verified": false,
        "line_number": 61
      }
    ],
    "src/content/docs/oss/migrate-from-v2.mdx": [
      {
        "type": "Secret Keyword",
        "filename": "src/content/docs/oss/migrate-from-v2.mdx",
        "hashed_secret": "ec3810e10fb78db55ce38b9c18d1c3eb1db739e0",
        "is_verified": false,
        "line_number": 315
      }
    ],
    "src/content/docs/oss/scan/how-to/quality-scan.ipynb": [
      {
        "type": "Hex High Entropy String",
        "filename": "src/content/docs/oss/scan/how-to/quality-scan.ipynb",
        "hashed_secret": "e00fd97012bb4b734fabbacf9e1793665bf87d9b",
        "is_verified": false,
        "line_number": 562
      },
      {
        "type": "Hex High Entropy String",
        "filename": "src/content/docs/oss/scan/how-to/quality-scan.ipynb",
        "hashed_secret": "274095ce0e720583c3e0eedd67926926053c4b04",
        "is_verified": false,
        "line_number": 591
      }
    ],
    "src/content/docs/oss/scan/tutorials/redteam-to-regression.ipynb": [
      {
        "type": "Hex High Entropy String",
        "filename": "src/content/docs/oss/scan/tutorials/redteam-to-regression.ipynb",
        "hashed_secret": "d8d81432db2aabc1c7fac4bded5f490cc75d5fc0",
        "is_verified": false,
        "line_number": 1022
      },
      {
        "type": "Hex High Entropy String",
        "filename": "src/content/docs/oss/scan/tutorials/redteam-to-regression.ipynb",
        "hashed_secret": "01866c2756395bdd0d96da28d60a03055b2d942c",
        "is_verified": false,
        "line_number": 1051
      },
      {
        "type": "Hex High Entropy String",
        "filename": "src/content/docs/oss/scan/tutorials/redteam-to-regression.ipynb",
        "hashed_secret": "94502d403484fb3db8a71b31476d5e83a454a1d6",
        "is_verified": false,
        "line_number": 1104
      },
      {
        "type": "Hex High Entropy String",
        "filename": "src/content/docs/oss/scan/tutorials/redteam-to-regression.ipynb",
        "hashed_secret": "a7779adde647f97da1a6311a0ac1c0825a93b322",
        "is_verified": false,
        "line_number": 1157
      },
      {
        "type": "Hex High Entropy String",
        "filename": "src/content/docs/oss/scan/tutorials/redteam-to-regression.ipynb",
        "hashed_secret": "6dca256218f3e4c52436008d01abcb1567da0863",
        "is_verified": false,
        "line_number": 1186
      },
      {
        "type": "Hex High Entropy String",
        "filename": "src/content/docs/oss/scan/tutorials/redteam-to-regression.ipynb",
        "hashed_secret": "d1e90f810092d18f886b3f8234f528eb8ee2ba50",
        "is_verified": false,
        "line_number": 1215
      }
    ],
    "src/content/docs/oss/scan/tutorials/scan-a-rag-agent.ipynb": [
      {
        "type": "Hex High Entropy String",
        "filename": "src/content/docs/oss/scan/tutorials/scan-a-rag-agent.ipynb",
        "hashed_secret": "9a1e7075c923da5c0554e7a8c2c9c5efa57bcf3e",
        "is_verified": false,
        "line_number": 870
      },
      {
        "type": "Hex High Entropy String",
        "filename": "src/content/docs/oss/scan/tutorials/scan-a-rag-agent.ipynb",
        "hashed_secret": "5c920046b70ab758db23eb7e20146b03e54bc758",
        "is_verified": false,
        "line_number": 899
      },
      {
        "type": "Hex High Entropy String",
        "filename": "src/content/docs/oss/scan/tutorials/scan-a-rag-agent.ipynb",
        "hashed_secret": "1356bfa159dc2f4037ac1b20fbcbb36e6a5bfce5",
        "is_verified": false,
        "line_number": 952
      },
      {
        "type": "Hex High Entropy String",
        "filename": "src/content/docs/oss/scan/tutorials/scan-a-rag-agent.ipynb",
        "hashed_secret": "fe87af6d7deb683e3b66fdb342569d0049938bf1",
        "is_verified": false,
        "line_number": 981
      }
    ],
    "src/content/docs/oss/scan/tutorials/your-first-scan.ipynb": [
      {
        "type": "Hex High Entropy String",
        "filename": "src/content/docs/oss/scan/tutorials/your-first-scan.ipynb",
        "hashed_secret": "9b5bf7e11ab6f75f8b39c560a172a9a3cb34e405",
        "is_verified": false,
        "line_number": 673
      },
      {
        "type": "Hex High Entropy String",
        "filename": "src/content/docs/oss/scan/tutorials/your-first-scan.ipynb",
        "hashed_secret": "775e349a9fd9446cdddba37ac701f06bc116d4b3",
        "is_verified": false,
        "line_number": 726
      }
    ]
  },
  "generated_at": "2026-08-31T09:37:39Z"
}
